Starting cpu_1t
cpu_1t: audio correctness checks passed
cpu_1t: audio round 1/6
cpu_1t: audio round 2/6
cpu_1t: audio round 3/6
cpu_1t: audio round 4/6
cpu_1t: audio round 5/6
cpu_1t: audio round 6/6
cpu_1t: stream_1_baseline 1500/1500 audio, 0 late
cpu_1t: stream_1_replay750 1500/1500 audio, 30 late
cpu_1t: stream_4_baseline 1500/1500 audio, 0 late
cpu_1t: stream_4_replay750 1500/1500 audio, 35 late
Starting cpu_4t
cpu_4t: audio correctness checks passed
cpu_4t: audio round 1/6
cpu_4t: audio round 2/6
cpu_4t: audio round 3/6
cpu_4t: audio round 4/6
cpu_4t: audio round 5/6
cpu_4t: audio round 6/6
cpu_4t: stream_1_baseline 1500/1500 audio, 0 late
cpu_4t: stream_1_replay750 1500/1500 audio, 0 late
cpu_4t: stream_4_baseline 1500/1500 audio, 0 late
cpu_4t: stream_4_replay750 1500/1500 audio, 0 late
Starting gpu_1t
gpu_1t: audio correctness checks passed
gpu_1t: audio round 1/6
gpu_1t: audio round 2/6
gpu_1t: audio round 3/6
gpu_1t: audio round 4/6
gpu_1t: audio round 5/6
gpu_1t: audio round 6/6
gpu_1t: stream_1_baseline 1500/1500 audio, 7 late
gpu_1t: stream_1_replay750 1500/1500 audio, 25 late
gpu_1t: stream_4_baseline 1500/1500 audio, 1 late
gpu_1t: stream_4_replay750 1500/1500 audio, 19 late
Starting gpu_4t
gpu_4t: audio correctness checks passed
gpu_4t: audio round 1/6
gpu_4t: audio round 2/6
gpu_4t: audio round 3/6
gpu_4t: audio round 4/6
gpu_4t: audio round 5/6
gpu_4t: audio round 6/6
gpu_4t: stream_1_baseline 1500/1500 audio, 0 late
gpu_4t: stream_1_replay750 1500/1500 audio, 17 late
gpu_4t: stream_4_baseline 1500/1500 audio, 0 late
gpu_4t: stream_4_replay750 1500/1500 audio, 20 late
Results: /root/smartbeamforming_perf/jetson_all_20260913T084420_836788Z/audio
